2026-08-02 19:03:45,701 - INFO - Starting LeetCode profile tracker run.
2026-08-02 19:03:45,702 - INFO - Fetching profile details for username: vAa8FNas4h
2026-08-02 19:03:47,291 - INFO - Fetched profile details: {'username': 'vAa8FNas4h', 'ranking': 3213323, 'reputation': 0, 'total': 36, 'easy': 16, 'medium': 17, 'hard': 3}
2026-08-02 19:03:47,295 - INFO - Created JSON history file: data\profile_history_2026_08.json
2026-08-02 19:03:47,296 - INFO - Loaded 0 entries from data\profile_history_2026_08.json
2026-08-02 19:03:47,297 - INFO - Using existing JSON history file: data\profile_history_2026_08.json
2026-08-02 19:03:47,298 - INFO - Loaded 0 entries from data\profile_history_2026_08.json
2026-08-02 19:03:47,299 - INFO - No saved entries found in JSON history files.
2026-08-02 19:03:47,300 - INFO - Using existing JSON history file: data\profile_history_2026_08.json
2026-08-02 19:03:47,300 - INFO - Loaded 0 entries from data\profile_history_2026_08.json
2026-08-02 19:03:47,301 - INFO - Wrote 1 entries to data\profile_history_2026_08.json
2026-08-02 19:03:47,302 - INFO - Saved new profile entry: {'id': 1, 'date': '2026-08-02T19:03:47', 'username': 'vAa8FNas4h', 'ranking': 3213323, 'reputation': 0, 'easy': 16, 'medium': 17, 'hard': 3, 'total': 36}
2026-08-02 19:03:47,302 - INFO - Tracker run completed with a new saved entry.
2026-08-02 19:03:54,044 - INFO - Starting LeetCode profile tracker run.
2026-08-02 19:03:54,045 - INFO - Fetching profile details for username: vAa8FNas4h
2026-08-02 19:03:55,243 - INFO - Fetched profile details: {'username': 'vAa8FNas4h', 'ranking': 3213323, 'reputation': 0, 'total': 36, 'easy': 16, 'medium': 17, 'hard': 3}
2026-08-02 19:03:55,246 - INFO - Using existing JSON history file: data\profile_history_2026_08.json
2026-08-02 19:03:55,248 - INFO - Loaded 1 entries from data\profile_history_2026_08.json
2026-08-02 19:03:55,249 - INFO - Using existing JSON history file: data\profile_history_2026_08.json
2026-08-02 19:03:55,249 - INFO - Loaded 1 entries from data\profile_history_2026_08.json
2026-08-02 19:03:55,249 - INFO - Latest saved entry found: {'id': 1, 'date': '2026-08-02T19:03:47', 'username': 'vAa8FNas4h', 'ranking': 3213323, 'reputation': 0, 'easy': 16, 'medium': 17, 'hard': 3, 'total': 36}
2026-08-02 19:03:55,250 - INFO - No changes found. Skipping duplicate entry: {'username': 'vAa8FNas4h', 'ranking': 3213323, 'reputation': 0, 'total': 36, 'easy': 16, 'medium': 17, 'hard': 3}
2026-08-02 19:03:55,250 - INFO - Tracker run completed without saving because data is unchanged.
